{
  "a": {
    "name": "dev developersen",
    "timestamp": "2021-02-01T15:46:12.307602Z"
  },
  "b": 1234
}
