{
  "a": {
    "name": "dev developersen",
    "timestamp": "2021-02-01T11:53:48.560459Z"
  },
  "b": 1234
}
